◇ injected env (16) from .env.local
▶ run "semester-7": 0/30 done, covers off
✔ session  1 | transcript "The Dino Team by the Sea" (dinosaurs, L2) acc 1 511 tok | chapters "The Dinosaur on the Trail" (dinosaurs, L2) acc 1 709 tok | 5 changes, 0 recalls, 5 tools | 28s
✔ session  2 | transcript "Rain on the Dino Trail" (dinosaurs, L2) acc 1 2133 tok | chapters "Rain Day for the Green Dinosaur" (dinosaurs, L2) acc 1 822 tok | 6 changes, 0 recalls, 6 tools, janitor 0 archived/0 flagged | 32s
✔ session  3 | transcript "The Dino Egg in the Oak Tree" (dinosaurs, L2) acc 1 3816 tok | chapters "The Oak Tree Snack Team" (dinosaurs, L2) acc 1 952 tok | 6 changes, 0 recalls, 6 tools | 24s
✔ session  4 | transcript "Oat and the Boat Race" (dinosaurs, L2) acc 1 5510 tok | chapters "Sea Beach Dino Feast" (dinosaurs, L2) acc 1 1068 tok | 7 changes, 0 recalls, 7 tools, janitor 0 archived/0 flagged | 34s
✔ session  5 | transcript "Oat Paints the Dino Road" (dinosaurs, L2) acc 1 7176 tok | chapters "Dino Reads the Big Leaf Map" (dinosaurs, L2) acc 1 972 tok | 7 changes, 0 recalls, 7 tools | 26s
✔ session  6 | transcript "Oat and the Deep Cave" (dinosaurs, L2) acc 1 8807 tok | chapters "Two Letters, One Sound: Dino's ea Rule" (dinosaurs, L2) acc 1 992 tok | 7 changes, 0 recalls, 7 tools, janitor 0 archived/0 flagged | 33s
✔ session  7 | transcript "The Dino Fair on Main Street" (dinosaurs, L2) acc 0.67 10439 tok | chapters "Dino Says It Slow" (dinosaurs, L2) acc 0.67 1024 tok | 7 changes, 0 recalls, 7 tools | 31s
✔ session  8 | transcript "Oat and the Night Sky Dino" (dinosaurs, L2) acc 0.67 12056 tok | chapters "Dino and the Great Track Trail" (dinosaurs, L2) acc 0.67 1048 tok | 7 changes, 0 recalls, 7 tools, janitor 0 archived/0 flagged | 46s
  ↻ transcript write failed (Expected ',' or '}' after property value in JSON at position 521 (line 1 column 522)), retry 1
✔ session  9 | transcript "Oat and the Shell Shop" (dinosaurs, L2) acc 1 13701 tok | chapters "Stella and the Stone Stump" (dinosaurs, L3) acc 0.33 1050 tok | 7 changes, 0 recalls, 7 tools | 43s
✔ session 10 | transcript "Oat and the Chomp Champ" (dinosaurs, L2) acc 0.67 15322 tok | chapters "Stego on Stone Street" (dinosaurs, L3) acc 0 1047 tok | 8 changes, 0 recalls, 7 tools, janitor 0 archived/1 flagged | 43s
✔ session 11 | transcript "Oat Meets the Octopus" (sea dinosaurs, L2) acc 1 16987 tok | chapters "Stripe the Shore Octopus" (octopus, L3) acc 0.33 1247 tok | 8 changes, 0 recalls, 8 tools | 36s
✔ session 12 | transcript "Five Sea Giants" (sea dinosaurs, L2) acc 0.33 18709 tok | chapters "Strong Streak the Sea Turtle" (sea turtle, L3) acc 0.67 1302 tok | 9 changes, 0 recalls, 9 tools, janitor 0 archived/0 flagged | 44s
✔ session 13 | transcript "Dr. Scott and the Sea Reptiles" (marine reptiles, L2) acc 0 20294 tok | chapters "Shelly the Shy Shark" (shark friends, L3) acc 0.67 1215 tok | 9 changes, 0 recalls, 9 tools | 37s
✔ session 14 | transcript "Oat and the Sea Animal Team" (sea animals, L2) acc 0.33 22042 tok | chapters "Swift the Frilly Seahorse" (sea animals, L3) acc 1 1092 tok | 9 changes, 0 recalls, 9 tools, janitor 0 archived/0 flagged | 39s
✔ session 15 | transcript "Tail First! A Dolphin Day" (dolphins, L3) acc 0.67 23712 tok | chapters "Swoosh the Dolphin and the Swirling Tide" (dolphins, L3) acc 1 1178 tok | 11 changes, 0 recalls, 11 tools | 47s
✔ session 16 | transcript "The Dolphin Who Knew Her Name" (dolphins, L3) acc 0.67 25502 tok | chapters "Crab Gram and the Green Reef Crew" (sea animals, L3) acc 1 1215 tok | 10 changes, 0 recalls, 10 tools, janitor 0 archived/0 flagged | 45s
✔ session 17 | transcript "The Pod and the Bright Blue Net" (dolphins, L3) acc 0.33 27199 tok | chapters "Grace the Green Sea Turtle and the Strong Tide" (sea turtles, L3) acc 0.33 1176 tok | 10 changes, 0 recalls, 10 tools | 40s
✔ session 18 | transcript "Oat and the Rocket Roar" (rockets, L3) acc 0.67 28888 tok | chapters "Maya's Rocket Ride to the Quiet Side of Space" (rocket ride, L3) acc 1 1311 tok | 8 changes, 0 recalls, 8 tools, janitor 0 archived/0 flagged | 37s
✔ session 19 | transcript "Maya's Bubble Rocket" (rockets, L3) acc 0.33 30661 tok | chapters "The Bubble Rocket at Base Nine" (bubble rocket, L3) acc 0.67 1443 tok | 10 changes, 0 recalls, 10 tools | 33s
✔ session 20 | transcript "Maya the Star Astronaut" (astronauts, L2) acc 0.67 32314 tok | chapters "Maya and the Nine Moon Clocks" (astronauts, L3) acc 0.67 1445 tok | 9 changes, 0 recalls, 9 tools, janitor 0 archived/0 flagged | 42s
✔ session 21 | transcript "The Blood Red Moon" (lunar eclipse, L3) acc 0 34004 tok | chapters "The Super-Puff Planet Crew" (space planets, L3) acc 0.67 1559 tok | 11 changes, 2 recalls, 13 tools | 67s
✔ session 22 | transcript "Oat Sees the Red Moon" (dinosaurs, L2) acc 0.67 35750 tok | chapters "The Red Moon and the Big Space Eye" (moon eclipse, L2) acc 0.67 1478 tok | 8 changes, 0 recalls, 7 tools, janitor 1 archived/0 flagged | 37s
✔ session 23 | transcript "Oat Digs Up a New Dinosaur" (dinosaurs, L2) acc 0.67 37303 tok | chapters "Maya and the Sea of Rain" (moon astronauts, L2) acc 0.33 1214 tok | 8 changes, 0 recalls, 8 tools | 33s
✔ session 24 | transcript "Grandpa and the Dinosaur Hall" (dinosaurs, L2) acc 0.67 38942 tok | chapters "The Dino Who Loved the Sea" (dinosaurs, L2) acc 0.67 1300 tok | 10 changes, 0 recalls, 9 tools, janitor 0 archived/1 flagged | 66s
✔ session 25 | transcript "Oat and the Feather Trail" (dinosaurs, L2) acc 0.67 40584 tok | chapters "Teal the Dino and the Rain Boat" (dinosaurs, L2) acc 0.67 1142 tok | 8 changes, 0 recalls, 8 tools | 32s
✔ session 26 | transcript "T. Rex and the Big Roar" (dinosaurs, L2) acc 0.67 42196 tok | chapters "Maya Digs Up a Giant" (dinosaur fossils, L2) acc 0.67 1309 tok | 11 changes, 0 recalls, 10 tools, janitor 0 archived/1 flagged | 36s
✔ session 27 | transcript "Oat Leads the Way Home" (dinosaurs, L2) acc 0.33 43787 tok | chapters "The Dig Team's Big Coat Day" (dinosaur dig, L2) acc 0.33 1189 tok | 8 changes, 2 recalls, 10 tools | 39s
✔ session 28 | transcript "Oat and the Dinosaur Quiz Show" (dinosaurs, L3) acc 0.67 45368 tok | chapters "The Stone That Kept a Secret" (dinosaur dig, L3) acc 1 1207 tok | 10 changes, 0 recalls, 10 tools, janitor 0 archived/0 flagged | 35s
✔ session 29 | transcript "The Dinosaur Who Painted" (dinosaurs, L3) acc 0.67 47165 tok | chapters "The Bone Cave at Pine Ridge" (dinosaur cave, L3) acc 1 1132 tok | 8 changes, 0 recalls, 8 tools | 40s
✔ session 30 | transcript "Oat and the Winter Fossil Hunt" (dinosaurs, L3) acc 0.67 48792 tok | chapters "Maya and the Spine Stone" (dinosaur dig, L3) acc 1 1125 tok | 8 changes, 0 recalls, 8 tools, janitor 0 archived/0 flagged | 35s
■ done
